1790750021.877828298 W4 200
1790750021.879398162 W1 200
1790750021.879398183 W2 200
1790750021.879424205 W3 200
1790750022.312204182 W4 200
1790750022.312733799 W2 200
1790750022.321870204 W1 200
1790750022.341778481 W3 200
1790750022.729541414 W1 200
1790750022.730157872 W2 200
1790750022.730340982 W4 200
1790750022.756667775 W3 200
1790750023.166366568 W1 200
1790750023.166555082 W2 200
1790750023.167831993 W4 200
1790750023.256809781 W3 200
1790750023.618011123 W4 200
1790750023.619295469 W1 200
1790750023.621236166 W2 200
1790750023.731472744 W3 200
1790750024.158421016 W3 200
1790750024.499704751 W4 200
1790750024.500060550 W2 200
1790750024.509607667 W1 200
1790750024.62497355 W4 200
1790750024.64288233 W1 200
1790750024.64431165 W2 200
1790750024.659465621 W3 200
1790750024.929911212 W4 200
1790750024.935471259 W2 200
1790750024.937893207 W1 200
1790750025.133004663 W3 200
1790750025.350330972 W2 200
1790750025.350930726 W1 200
1790750025.351595179 W4 200
1790750025.615582903 W3 200
1790750025.797300150 W4 200
1790750025.797386250 W2 200
1790750025.801614842 W1 200
1790750026.133260359 W3 200
1790750026.234811140 W1 200
1790750026.234816486 W4 200
1790750026.234828980 W2 200
1790750026.643749262 W3 200
1790750026.668760120 W1 200
1790750026.668760142 W2 200
1790750026.668760167 W4 200
1790750027.102261216 W3 200
1790750027.127002939 W1 200
1790750027.127539779 W2 200
1790750027.127911765 W4 200
1790750027.592279674 W4 200
1790750027.593185092 W2 200
1790750027.595684794 W1 200
1790750027.603710369 W3 200
1790750028.23783404 W2 200
1790750028.35357621 W1 200
1790750028.36397087 W4 200
1790750028.46082456 W3 200
1790750028.461344838 W2 200
1790750028.461857101 W4 200
1790750028.466559356 W1 200
1790750028.483677396 W3 200
1790750028.924829625 W1 200
1790750028.924832897 W4 200
1790750028.925971675 W2 200
1790750028.966772176 W3 200
1790750029.381476576 W4 200
1790750029.382123375 W1 200
1790750029.386347791 W2 200
1790750029.430490437 W3 200
1790750029.812517429 W2 200
1790750029.818320907 W1 200
1790750029.819084618 W4 200
1790750029.866374332 W3 200
1790750030.235053783 W1 200
1790750030.235279904 W4 200
1790750030.235726509 W2 200
1790750030.318974253 W3 200
1790750030.657727939 W4 200
1790750030.669968516 W1 200
1790750030.672880792 W2 200
1790750030.794038905 W3 200
1790750031.271975922 W3 200
1790750031.518090927 W4 200
1790750031.522642438 W2 200
1790750031.524161873 W1 200
1790750031.746350440 W3 200
1790750031.82265205 W2 200
1790750031.83076143 W4 200
1790750031.87894194 W1 200
1790750031.946622554 W2 200
1790750031.950640941 W4 200
1790750031.957252038 W1 200
1790750032.238547101 W3 200-DEGRADED
1790750032.394086308 W4 200
1790750032.396331346 W2 200
1790750032.402016848 W1 000
1790750032.749537260 W3 200-DEGRADED
1790750032.839870839 W1 000
1790750032.848973096 W2 200
1790750032.851516184 W4 200
1790750033.230212668 W3 200-DEGRADED
1790750033.274216356 W1 000
1790750033.274216370 W4 200
1790750033.278012953 W2 200
1790750033.683192360 W3 200-DEGRADED
1790750033.714454261 W1 000
1790750033.719427346 W4 200
1790750033.719427437 W2 200
1790750034.123937509 W1 000
1790750034.133483854 W3 200-DEGRADED
1790750034.139569321 W4 200
1790750034.141957566 W2 200
1790750034.574281995 W1 000
1790750034.578540489 W2 200
1790750034.590355871 W3 200-DEGRADED
1790750034.590487119 W4 200
1790750035.21535775 W1 200
1790750035.23924343 W2 200
1790750035.25113596 W4 200
1790750035.37253918 W3 200
1790750035.488937729 W2 200
1790750035.489870521 W4 200
1790750035.500836996 W1 200
1790750035.522221645 W3 200
1790750035.966606121 W2 200
1790750035.966737883 W4 200
1790750035.978953433 W1 200
1790750035.991517605 W3 200
1790750036.411937099 W2 200
1790750036.421537350 W4 200
1790750036.424018262 W1 200
1790750036.455711012 W3 200
1790750036.848326608 W2 200
1790750036.849457343 W1 200
1790750036.854250518 W4 200
1790750036.905950890 W3 200
1790750037.281352743 W4 200
1790750037.283689221 W1 200
1790750037.285973651 W2 200
1790750037.336022304 W3 200
1790750037.711751150 W2 200
1790750037.712654271 W1 200
1790750037.712684734 W4 200
1790750037.797161660 W3 200
1790750038.147555907 W2 200
1790750038.148759819 W4 200
1790750038.148760597 W1 200
1790750038.265653981 W3 200
1790750038.589607650 W2 200
1790750038.589666999 W4 200
1790750038.590151223 W1 200
1790750038.703290913 W3 200
1790750039.140768163 W3 200
1790750039.447522341 W4 200
1790750039.450050899 W2 200
1790750039.460743341 W1 200
1790750039.615058678 W3 200
1790750039.6719791 W2 200
1790750039.7157887 W4 200
1790750039.7246561 W1 200
1790750039.876708469 W4 200
1790750039.877297048 W2 200
1790750039.888216636 W1 200
1790750040.101197056 W3 200
1790750040.284246100 W4 200
1790750040.286705945 W2 200
1790750040.297763776 W1 200
1790750040.593588201 W3 200
1790750040.694085522 W2 200
1790750040.694718581 W4 200
1790750040.703814922 W1 200
1790750041.142633139 W4 200
1790750041.143758056 W2 200
1790750041.143846430 W1 200
1790750041.561475963 W3 200
1790750041.628055405 W2 200
1790750041.631145562 W4 200
1790750041.632299276 W1 200
1790750041.82920888 W3 200
1790750042.12888979 W3 200
1790750042.463343777 W3 200
1790750042.486708605 W4 200
1790750042.487629863 W2 200
1790750042.490779664 W1 200
1790750042.64226980 W1 200
1790750042.64433688 W4 200
1790750042.64535026 W2 200
1790750042.925625389 W3 200
1790750042.929135075 W1 200
1790750042.930350715 W4 200
1790750042.933783566 W2 200
1790750043.352482967 W4 200
1790750043.353250869 W2 200
1790750043.356360116 W1 200
1790750043.366611090 W3 200
1790750043.810979641 W2 200
1790750043.816322181 W4 200
1790750043.821617407 W1 200
1790750043.831470493 W3 200
1790750044.248599058 W2 200
1790750044.254066095 W4 200
1790750044.259180789 W1 200
1790750044.268409472 W3 200
1790750044.680875895 W2 200
1790750044.682113966 W4 200
1790750044.684067793 W1 200
1790750044.700226452 W3 200
1790750045.100846486 W4 200
1790750045.104126936 W1 200
1790750045.150455814 W3 200
1790750045.506998655 W2 200
1790750045.507045555 W4 200
1790750045.514868604 W1 200
1790750045.588540249 W3 200
1790750045.924684290 W4 200
1790750045.924765175 W2 200
1790750045.925043323 W1 200
1790750045.93893342 W2 200
1790750046.340467157 W4 200
1790750046.340516921 W1 200
1790750046.340530482 W2 200
1790750046.512398762 W3 200
1790750046.65906227 W3 200
1790750046.771300809 W2 200
1790750046.771584914 W4 200
1790750046.809587876 W1 200
1790750046.960912365 W3 200
1790750047.208977166 W1 200
1790750047.209026993 W2 200
1790750047.209225783 W4 200
1790750047.445409955 W3 200
1790750047.624598941 W2 200
1790750047.625334904 W1 200
1790750047.625839329 W4 200
1790750047.906413342 W3 200
1790750048.357533757 W3 200
1790750048.496860467 W4 200
1790750048.497122452 W2 200
1790750048.499184840 W1 200
1790750048.72190628 W1 200
1790750048.78464967 W2 200
1790750048.78895974 W4 200
1790750048.813769755 W3 200
1790750048.925624372 W4 200
1790750048.925624388 W2 200
1790750048.926678247 W1 200
1790750049.278908461 W3 200
1790750049.342572554 W2 200
1790750049.348712535 W1 200
1790750049.348876832 W4 200
1790750049.718959147 W3 200
1790750049.782133314 W2 200
1790750049.782164039 W4 200
1790750049.787500237 W1 200
