1790749610.308978446 P1 200
1790749610.309035028 P2 200
1790749610.309132583 P3 200
1790749610.309137461 P4 200
1790749610.726180821 P1 200
1790749610.726180851 P3 200
1790749610.728014096 P4 200
1790749610.732631938 P2 200
1790749611.170882241 P1 200
1790749611.171250028 P4 200
1790749611.171737275 P3 200
1790749611.174422633 P2 200
1790749611.595004089 P3 200
1790749611.595412761 P1 200
1790749611.602048574 P4 200
1790749611.607165326 P2 200
1790749612.40500315 P4 200
1790749612.40596510 P3 200
1790749612.40599032 P1 200
1790749612.45639168 P2 200
1790749612.475675413 P3 200
1790749612.476049083 P2 200
1790749612.477435304 P1 200
1790749612.477499148 P4 200
1790749612.895067297 P3 200
1790749612.895426531 P1 200
1790749612.900255988 P4 200
1790749612.902232588 P2 200
1790749613.334732773 P1 200
1790749613.335890560 P3 200
1790749613.336128423 P2 200
1790749613.339360637 P4 200
1790749613.768696216 P1 200
1790749613.769054291 P2 200
1790749613.769054879 P3 200
1790749613.772178876 P4 200
1790749614.199771637 P1 200
1790749614.199877778 P2 200
1790749614.201783554 P4 200
1790749614.204497406 P3 200
1790749614.637053031 P1 200
1790749614.637610277 P4 200
1790749614.641611100 P3 200
1790749614.641614568 P2 200
1790749615.512526923 P3 200
1790749615.512737858 P2 200
1790749615.512804626 P1 200
1790749615.513290978 P4 200
1790749615.62286400 P1 200
1790749615.62993461 P3 200
1790749615.63267831 P2 200
1790749615.69283851 P4 200
1790749615.950932763 P1 200
1790749615.953611549 P3 200
1790749615.953611598 P2 200
1790749615.955494790 P4 200
1790749616.390180586 P1 200
1790749616.391536973 P2 200
1790749616.391973821 P3 200
1790749616.391973839 P4 200
1790749616.818756677 P4 200
1790749616.818788633 P3 200
1790749616.819548377 P1 200
1790749616.819549677 P2 200
1790749617.270795582 P1 200
1790749617.271510469 P2 200
1790749617.271680952 P4 200
1790749617.271857332 P3 200
1790749617.723547218 P1 200
1790749617.723547246 P3 200
1790749617.724115958 P4 200
1790749617.724115975 P2 200
1790749618.154703945 P2 200
1790749618.155363686 P4 200
1790749618.156454071 P1 200
1790749618.156918120 P3 200
1790749618.585669976 P2 200
1790749618.586441472 P1 200
1790749618.587260859 P4 200
1790749618.587753427 P3 200
1790749618.998023495 P4 200
1790749618.998782457 P2 200
1790749619.1977919 P1 200
1790749619.2771340 P3 200
1790749619.451039044 P2 200
1790749619.451039066 P1 200
1790749619.451404498 P4 200
1790749619.452334807 P3 200
1790749619.881548959 P4 200
1790749619.882382960 P3 200
1790749619.882773301 P2 200
1790749619.885542277 P1 200
1790749620.315558744 P3 200
1790749620.315680494 P4 200
1790749620.316263789 P2 200
1790749620.316265853 P1 200
1790749620.755676643 P1 200
1790749620.756333394 P4 000
1790749620.757616479 P3 000
1790749620.757896282 P2 000
1790749621.192430822 P3 200
1790749621.193077223 P4 200
1790749621.193081115 P1 200
1790749621.194490846 P2 200
1790749621.625724564 P1 200
1790749621.628505353 P2 200
1790749621.630812676 P4 200
1790749621.632816017 P3 200
1790749622.511140770 P4 200
1790749622.512445097 P2 200
1790749622.512570232 P1 200
1790749622.516303146 P3 200
1790749622.84202245 P4 200
1790749622.84388911 P2 200
1790749622.84438113 P3 200
1790749622.84813117 P1 200
1790749622.959531713 P4 200
1790749622.960197884 P2 200
1790749622.960202874 P3 200
1790749622.960337846 P1 200
1790749623.376759197 P1 200
1790749623.377441718 P4 200
1790749623.386938500 P3 200
1790749623.388217049 P2 200
1790749623.829959943 P2 200
1790749623.830317246 P4 200
1790749623.831268260 P3 200
1790749623.831505068 P1 200
1790749624.268065066 P4 200
1790749624.268065118 P2 200
1790749624.268755629 P1 200
1790749624.268755638 P3 200
1790749624.673642241 P4 200
1790749624.682094647 P1 200
1790749624.682094688 P2 200
1790749624.684972973 P3 200
1790749625.525329810 P3 200
1790749625.525389714 P1 200
1790749625.528777138 P2 200
1790749625.528785162 P4 200
1790749625.93776103 P4 200
1790749625.93987763 P2 200
1790749625.961367923 P4 200
1790749625.961793279 P2 200
1790749625.961793297 P3 200
1790749625.962374234 P1 200
1790749625.96343208 P1 200
1790749625.97116877 P3 200
1790749626.403512271 P2 200
1790749626.403803166 P4 200
1790749626.403803872 P3 200
1790749626.403832940 P1 200
1790749626.830036475 P3 200
1790749626.830255472 P2 200
1790749626.835850437 P4 200
1790749626.835880897 P1 200
1790749627.244948527 P1 200
1790749627.244948566 P4 200
1790749627.247547134 P2 200
1790749627.248541119 P3 200
1790749627.671131228 P4 200
1790749627.672450376 P1 200
1790749627.673257934 P2 200
1790749627.675248832 P3 200
1790749628.106660683 P3 200
1790749628.106791093 P1 200
1790749628.107347307 P2 200
1790749628.107368929 P4 200
1790749628.544465957 P1 200
1790749628.550228510 P4 200
1790749628.553117730 P3 200
1790749628.554260449 P2 200
1790749628.988069745 P1 200
1790749628.990219235 P4 200
1790749628.990219238 P2 200
1790749628.991980062 P3 200
1790749629.414297975 P3 200
1790749629.414459365 P1 200
1790749629.414553262 P2 200
1790749629.414837572 P4 200
1790749629.839782707 P4 200
1790749629.850738561 P3 200
1790749629.850742661 P1 200
1790749629.852617278 P2 200
1790749630.275063987 P3 200
1790749630.283159273 P1 200
1790749630.283530995 P2 200
1790749630.283724120 P4 200
1790749630.712653857 P4 200
1790749630.712752986 P3 200
1790749630.712756888 P1 200
1790749630.716401990 P2 200
1790749631.172746375 P2 200
1790749631.172746813 P3 200
1790749631.172746827 P4 200
1790749631.172818520 P1 200
1790749631.586525565 P3 200
1790749631.586743218 P4 200
1790749631.589679617 P2 200
1790749631.590358381 P1 200
1790749632.13054028 P4 200
1790749632.13285014 P3 200
1790749632.13294378 P1 200
1790749632.13647113 P2 200
1790749632.440910367 P3 200
1790749632.441042893 P4 200
1790749632.441078992 P2 200
1790749632.441139197 P1 200
1790749632.866919271 P2 200
1790749632.867459285 P4 200
1790749632.872924954 P1 200
1790749632.875273309 P3 200
1790749633.300698166 P4 200
1790749633.300699341 P2 200
1790749633.301784347 P1 200
1790749633.301788722 P3 200
1790749633.713066507 P3 200
1790749633.715372583 P2 200
1790749633.715387139 P4 200
1790749633.720422294 P1 200
1790749634.146527998 P2 200
1790749634.146725837 P3 200
1790749634.147930773 P4 200
1790749634.151216554 P1 200
1790749634.580147592 P4 200
1790749634.580218673 P1 200
1790749634.580649572 P2 200
1790749634.581093895 P3 200
1790749635.2633108 P1 200
1790749635.2817550 P2 200
1790749635.2883458 P3 200
1790749635.426441325 P3 200
1790749635.426978161 P1 200
1790749635.431316302 P4 200
1790749635.447126749 P2 200
1790749635.5170202 P4 200
1790749635.849039267 P3 200
1790749635.849572648 P1 200
1790749635.850371373 P4 200
1790749635.854879577 P2 200
1790749636.268355110 P1 200
1790749636.269131333 P3 200
1790749636.269384000 P4 200
1790749636.274060055 P2 200
